// Jest Snapshot v1, https://goo.gl/fbAQLP

exports[`toNumber toNumber objects 1`] = `"No default value"`;

exports[`toNumber toNumber should throw for Symbol 1`] = `"Cannot convert a Symbol value to a number"`;

exports[`toNumber toNumber should throw for Symbol 2`] = `"Cannot convert a Symbol value to a number"`;

exports[`toNumber toNumber should throw if target is not coercible 1`] = `"No default value"`;
